{
  "children": [
    {
      "children": [
        {
          "children": [],
          "classList": {
            "classes": [
              "round-column",
              "new-round"
            ]
          }
        },
        {
          "children": [
            {
              "text": "11/22/18"
            }
          ],
          "classList": {
            "classes": [
              "new-round"
            ]
          }
        },
        {
          "children": [
            {
              "text": "6 PM"
            }
          ],
          "classList": {
            "classes": [
              "new-round"
            ]
          }
        },
        {
          "children": [
            {
              "text": "team2"
            }
          ],
          "classList": {
            "classes": [
              "new-round"
            ]
          }
        },
        {
          "children": [
            {
              "text": "team1"
            }
          ],
          "classList": {
            "classes": [
              "new-round"
            ]
          }
        },
        {
          "children": [
            {
              "text": "OG"
            }
          ],
          "classList": {
            "classes": [
              "new-round"
            ]
          }
        },
        {
          "children": [
            {
              "text": "team2"
            }
          ],
          "classList": {
            "classes": [
              "winner-column",
              "new-round"
            ]
          }
        }
      ],
      "classList": {
        "classes": []
      }
    },
    {
      "children": [
        {
          "children": [
            {
              "text": "Round 1"
            }
          ],
          "classList": {
            "classes": [
              "round-column",
              "new-round"
            ]
          }
        },
        {
          "children": [
            {
              "text": "11/22/18"
            }
          ],
          "classList": {
            "classes": [
              "new-round"
            ]
          }
        },
        {
          "children": [
            {
              "text": "5 PM"
            }
          ],
          "classList": {
            "classes": [
              "new-round"
            ]
          }
        },
        {
          "children": [
            {
              "text": "ALL STAR GAME"
            }
          ],
          "classList": {
            "classes": [
              "new-round"
            ]
          }
        },
        {
          "children": [
            {
              "text": ""
            }
          ],
          "classList": {
            "classes": [
              "new-round"
            ]
          }
        },
        {
          "children": [
            {
              "text": "Pauma"
            }
          ],
          "classList": {
            "classes": [
              "new-round"
            ]
          }
        },
        {
          "children": [
            {
              "text": ""
            }
          ],
          "classList": {
            "classes": [
              "winner-column",
              "new-round"
            ]
          }
        }
      ],
      "classList": {
        "classes": []
      }
    },
    {
      "children": [
        {
          "children": [],
          "classList": {
            "classes": [
              "round-column"
            ]
          }
        },
        {
          "children": [
            {
              "text": "4/6/17"
            }
          ],
          "classList": {
            "classes": [
              "new-week"
            ]
          }
        },
        {
          "children": [
            {
              "text": "11 PM"
            }
          ],
          "classList": {
            "classes": [
              "new-week"
            ]
          }
        },
        {
          "children": [
            {
              "text": "team1"
            }
          ],
          "classList": {
            "classes": [
              "new-week"
            ]
          }
        },
        {
          "children": [
            {
              "text": "team4"
            }
          ],
          "classList": {
            "classes": [
              "new-week"
            ]
          }
        },
        {
          "children": [
            {
              "text": "VC"
            }
          ],
          "classList": {
            "classes": [
              "new-week"
            ]
          }
        },
        {
          "children": [
            {
              "text": "team1"
            }
          ],
          "classList": {
            "classes": [
              "winner-column",
              "new-week"
            ]
          }
        }
      ],
      "classList": {
        "classes": []
      }
    },
    {
      "children": [
        {
          "children": [],
          "classList": {
            "classes": [
              "round-column",
              "last-game"
            ]
          }
        },
        {
          "children": [
            {
              "text": "4/6/17"
            }
          ],
          "classList": {
            "classes": [
              "last-game"
            ]
          }
        },
        {
          "children": [
            {
              "text": "10 AM"
            }
          ],
          "classList": {
            "classes": [
              "last-game"
            ]
          }
        },
        {
          "children": [
            {
              "text": "team3"
            }
          ],
          "classList": {
            "classes": [
              "last-game"
            ]
          }
        },
        {
          "children": [
            {
              "text": "team2"
            }
          ],
          "classList": {
            "classes": [
              "last-game"
            ]
          }
        },
        {
          "children": [
            {
              "text": "OG"
            }
          ],
          "classList": {
            "classes": [
              "last-game"
            ]
          }
        },
        {
          "children": [
            {
              "text": "team3"
            }
          ],
          "classList": {
            "classes": [
              "winner-column",
              "last-game"
            ]
          }
        }
      ],
      "classList": {
        "classes": []
      }
    }
  ],
  "classList": {
    "classes": []
  }
}
