{
  "children": [
    {
      "children": [],
      "classList": {
        "classes": []
      }
    }
  ],
  "classList": {
    "classes": []
  }
}
