{
  "children": [
    {
      "children": [
        {
          "children": [
            {
              "text": "1/12/18"
            }
          ],
          "classList": {
            "classes": []
          },
          "value": "1/12/18"
        }
      ],
      "classList": {
        "classes": []
      }
    },
    {
      "cellPadding": "5",
      "children": [
        {
          "children": [
            {
              "children": [
                {
                  "children": [
                    {
                      "text": "Visitors"
                    }
                  ],
                  "classList": {
                    "classes": []
                  }
                },
                {
                  "children": [],
                  "classList": {
                    "classes": []
                  }
                },
                {
                  "children": [],
                  "classList": {
                    "classes": []
                  }
                },
                {
                  "children": [
                    {
                      "text": "Home"
                    }
                  ],
                  "classList": {
                    "classes": []
                  }
                }
              ],
              "classList": {
                "classes": []
              }
            }
          ],
          "classList": {
            "classes": []
          }
        },
        {
          "children": [
            {
              "children": [
                {
                  "children": [
                    {
                      "text": "team1"
                    }
                  ],
                  "classList": {
                    "classes": []
                  }
                },
                {
                  "children": [
                    {
                      "text": 5
                    }
                  ],
                  "classList": {
                    "classes": [
                      "middle-column"
                    ]
                  }
                },
                {
                  "children": [
                    {
                      "text": 7
                    }
                  ],
                  "classList": {
                    "classes": []
                  }
                },
                {
                  "children": [
                    {
                      "text": "team2"
                    }
                  ],
                  "classList": {
                    "classes": []
                  }
                }
              ],
              "classList": {
                "classes": []
              }
            },
            {
              "children": [
                {
                  "children": [
                    {
                      "text": "team2"
                    }
                  ],
                  "classList": {
                    "classes": []
                  }
                },
                {
                  "children": [
                    {
                      "text": 10
                    }
                  ],
                  "classList": {
                    "classes": [
                      "middle-column"
                    ]
                  }
                },
                {
                  "children": [
                    {
                      "text": 2
                    }
                  ],
                  "classList": {
                    "classes": []
                  }
                },
                {
                  "children": [
                    {
                      "text": "team1"
                    }
                  ],
                  "classList": {
                    "classes": []
                  }
                }
              ],
              "classList": {
                "classes": []
              }
            }
          ],
          "classList": {
            "classes": []
          }
        }
      ],
      "classList": {
        "classes": []
      },
      "id": "1/12/18"
    }
  ],
  "classList": {
    "classes": []
  }
}
